// Jest Snapshot v1, https://goo.gl/fbAQLP

exports[`Headers should Header 1 match default snapshot 1`] = `
<h1>
  Hello
</h1>
`;

exports[`Headers should Header 2 match default snapshot 1`] = `
<h2>
  Hello
</h2>
`;

exports[`Headers should Header 3 match default snapshot 1`] = `
<h3>
  Hello
</h3>
`;

exports[`Headers should Header 4 match default snapshot 1`] = `
<h4>
  Hello
</h4>
`;

exports[`Headers should Header 5 match default snapshot 1`] = `
<h5>
  Hello
</h5>
`;

exports[`Headers should Header 6 match default snapshot 1`] = `
<h6>
  Hello
</h6>
`;
